// Jest Snapshot v1, https://goo.gl/fbAQLP

exports[`ProducTitle Debe de mostrar el componente con el nombre del producto 1`] = `
<div
  className="productCard undefined"
>
  <span
    className="productDescription undefined"
  >
    coffee mug - card
  </span>
</div>
`;

exports[`ProducTitle debe mostrar el componente correctamente con el titulo personalizado 1`] = `
<span
  className="productDescription test-class"
>
  testTitle
</span>
`;
